// Jest Snapshot v1, https://goo.gl/fbAQLP

exports[`Text component renders correctly with translate 1`] = `ShallowWrapper {}`;

exports[`Text component renders correctly without translate 1`] = `ShallowWrapper {}`;

exports[`renders correctly 1`] = `ShallowWrapper {}`;
